mode: set
github.com/golangci/golangci-lint/v2/test/testdata_etc/unused_exported/lib/foo.go:7.19,9.2 1 0
github.com/golangci/golangci-lint/v2/test/testdata_etc/unused_exported/lib/foo.go:11.20,13.2 1 0
github.com/golangci/golangci-lint/v2/test/testshared/analysis.go:43.63,56.42 9 0
github.com/golangci/golangci-lint/v2/test/testshared/analysis.go:56.42,58.3 1 0
github.com/golangci/golangci-lint/v2/test/testshared/analysis.go:60.2,61.33 2 0
github.com/golangci/golangci-lint/v2/test/testshared/analysis.go:61.33,62.31 1 0
github.com/golangci/golangci-lint/v2/test/testshared/analysis.go:62.31,65.4 2 0
github.com/golangci/golangci-lint/v2/test/testshared/analysis.go:68.2,70.30 2 0
github.com/golangci/golangci-lint/v2/test/testshared/analysis.go:70.30,72.3 1 0
github.com/golangci/golangci-lint/v2/test/testshared/analysis.go:77.87,85.37 4 1
github.com/golangci/golangci-lint/v2/test/testshared/analysis.go:85.37,86.34 1 1
github.com/golangci/golangci-lint/v2/test/testshared/analysis.go:86.34,88.22 2 1
github.com/golangci/golangci-lint/v2/test/testshared/analysis.go:88.22,91.5 2 1
github.com/golangci/golangci-lint/v2/test/testshared/analysis.go:93.4,93.55 1 1
github.com/golangci/golangci-lint/v2/test/testshared/analysis.go:93.55,95.5 1 1
github.com/golangci/golangci-lint/v2/test/testshared/analysis.go:97.4,101.56 3 1
github.com/golangci/golangci-lint/v2/test/testshared/analysis.go:101.56,103.19 2 1
github.com/golangci/golangci-lint/v2/test/testshared/analysis.go:103.19,105.6 1 0
github.com/golangci/golangci-lint/v2/test/testshared/analysis.go:107.5,107.55 1 1
github.com/golangci/golangci-lint/v2/test/testshared/analysis.go:112.2,112.18 1 1
github.com/golangci/golangci-lint/v2/test/testshared/analysis.go:117.87,120.50 3 1
github.com/golangci/golangci-lint/v2/test/testshared/analysis.go:120.50,122.3 1 0
github.com/golangci/golangci-lint/v2/test/testshared/analysis.go:123.2,125.55 2 1
github.com/golangci/golangci-lint/v2/test/testshared/analysis.go:125.55,126.56 1 1
github.com/golangci/golangci-lint/v2/test/testshared/analysis.go:126.56,129.4 1 0
github.com/golangci/golangci-lint/v2/test/testshared/analysis.go:130.3,131.33 2 1
github.com/golangci/golangci-lint/v2/test/testshared/analysis.go:134.2,134.6 1 1
github.com/golangci/golangci-lint/v2/test/testshared/analysis.go:134.6,136.14 2 1
github.com/golangci/golangci-lint/v2/test/testshared/analysis.go:137.12,139.26 2 0
github.com/golangci/golangci-lint/v2/test/testshared/analysis.go:139.26,141.5 1 0
github.com/golangci/golangci-lint/v2/test/testshared/analysis.go:142.4,142.47 1 0
github.com/golangci/golangci-lint/v2/test/testshared/analysis.go:143.42,145.18 2 1
github.com/golangci/golangci-lint/v2/test/testshared/analysis.go:145.18,147.5 1 0
github.com/golangci/golangci-lint/v2/test/testshared/analysis.go:148.4,148.66 1 1
github.com/golangci/golangci-lint/v2/test/testshared/analysis.go:150.22,153.18 3 1
github.com/golangci/golangci-lint/v2/test/testshared/analysis.go:153.18,156.5 1 0
github.com/golangci/golangci-lint/v2/test/testshared/analysis.go:157.4,159.18 3 1
github.com/golangci/golangci-lint/v2/test/testshared/analysis.go:159.18,161.5 1 0
github.com/golangci/golangci-lint/v2/test/testshared/analysis.go:162.4,162.68 1 1
github.com/golangci/golangci-lint/v2/test/testshared/analysis.go:164.20,165.21 1 1
github.com/golangci/golangci-lint/v2/test/testshared/analysis.go:165.21,167.5 1 0
github.com/golangci/golangci-lint/v2/test/testshared/analysis.go:168.4,168.34 1 1
github.com/golangci/golangci-lint/v2/test/testshared/analysis.go:170.11,171.72 1 0
github.com/golangci/golangci-lint/v2/test/testshared/analysis.go:178.110,185.30 5 0
github.com/golangci/golangci-lint/v2/test/testshared/analysis.go:185.30,186.63 1 0
github.com/golangci/golangci-lint/v2/test/testshared/analysis.go:186.63,187.35 1 0
github.com/golangci/golangci-lint/v2/test/testshared/analysis.go:187.35,193.5 4 0
github.com/golangci/golangci-lint/v2/test/testshared/analysis.go:194.4,194.61 1 0
github.com/golangci/golangci-lint/v2/test/testshared/analysis.go:198.2,198.22 1 0
github.com/golangci/golangci-lint/v2/test/testshared/analysis.go:198.22,200.3 1 0
github.com/golangci/golangci-lint/v2/test/testshared/analysis.go:200.8,203.3 1 0
github.com/golangci/golangci-lint/v2/test/testshared/directives.go:29.72,34.20 4 1
github.com/golangci/golangci-lint/v2/test/testshared/directives.go:34.20,34.37 1 1
github.com/golangci/golangci-lint/v2/test/testshared/directives.go:36.2,41.21 3 1
github.com/golangci/golangci-lint/v2/test/testshared/directives.go:41.21,43.36 2 1
github.com/golangci/golangci-lint/v2/test/testshared/directives.go:43.36,45.12 2 0
github.com/golangci/golangci-lint/v2/test/testshared/directives.go:47.3,47.36 1 1
github.com/golangci/golangci-lint/v2/test/testshared/directives.go:47.36,48.12 1 0
github.com/golangci/golangci-lint/v2/test/testshared/directives.go:50.3,50.37 1 1
github.com/golangci/golangci-lint/v2/test/testshared/directives.go:50.37,51.9 1 1
github.com/golangci/golangci-lint/v2/test/testshared/directives.go:54.3,54.33 1 1
github.com/golangci/golangci-lint/v2/test/testshared/directives.go:54.33,55.36 1 0
github.com/golangci/golangci-lint/v2/test/testshared/directives.go:55.36,57.5 1 0
github.com/golangci/golangci-lint/v2/test/testshared/directives.go:59.4,59.12 1 0
github.com/golangci/golangci-lint/v2/test/testshared/directives.go:62.3,62.10 1 1
github.com/golangci/golangci-lint/v2/test/testshared/directives.go:63.51,63.51 0 1
github.com/golangci/golangci-lint/v2/test/testshared/directives.go:65.48,67.12 1 0
github.com/golangci/golangci-lint/v2/test/testshared/directives.go:68.11,69.64 1 0
github.com/golangci/golangci-lint/v2/test/testshared/directives.go:72.3,77.17 4 1
github.com/golangci/golangci-lint/v2/test/testshared/directives.go:78.30,82.12 4 1
github.com/golangci/golangci-lint/v2/test/testshared/directives.go:84.37,87.12 3 1
github.com/golangci/golangci-lint/v2/test/testshared/directives.go:89.41,92.12 3 1
github.com/golangci/golangci-lint/v2/test/testshared/directives.go:94.43,100.12 5 1
github.com/golangci/golangci-lint/v2/test/testshared/directives.go:102.11,103.64 1 0
github.com/golangci/golangci-lint/v2/test/testshared/directives.go:108.2,108.29 1 1
github.com/golangci/golangci-lint/v2/test/testshared/directives.go:108.29,109.31 1 0
github.com/golangci/golangci-lint/v2/test/testshared/directives.go:109.31,110.67 1 0
github.com/golangci/golangci-lint/v2/test/testshared/directives.go:110.67,115.5 2 0
github.com/golangci/golangci-lint/v2/test/testshared/directives.go:119.2,119.11 1 1
github.com/golangci/golangci-lint/v2/test/testshared/directives.go:122.51,123.79 1 0
github.com/golangci/golangci-lint/v2/test/testshared/directives.go:123.79,125.3 1 0
github.com/golangci/golangci-lint/v2/test/testshared/directives.go:130.57,134.42 3 1
github.com/golangci/golangci-lint/v2/test/testshared/directives.go:134.42,135.26 1 1
github.com/golangci/golangci-lint/v2/test/testshared/directives.go:135.26,137.4 1 1
github.com/golangci/golangci-lint/v2/test/testshared/directives.go:139.3,139.28 1 1
github.com/golangci/golangci-lint/v2/test/testshared/directives.go:139.28,141.4 1 0
github.com/golangci/golangci-lint/v2/test/testshared/directives.go:143.3,143.29 1 1
github.com/golangci/golangci-lint/v2/test/testshared/directives.go:143.29,145.4 1 1
github.com/golangci/golangci-lint/v2/test/testshared/directives.go:147.3,147.15 1 1
github.com/golangci/golangci-lint/v2/test/testshared/directives.go:151.41,156.16 3 1
github.com/golangci/golangci-lint/v2/test/testshared/directives.go:156.16,158.3 1 0
github.com/golangci/golangci-lint/v2/test/testshared/directives.go:160.2,161.16 2 1
github.com/golangci/golangci-lint/v2/test/testshared/directives.go:161.16,163.3 1 1
github.com/golangci/golangci-lint/v2/test/testshared/directives.go:165.2,165.42 1 1
github.com/golangci/golangci-lint/v2/test/testshared/install.go:28.48,36.74 4 0
github.com/golangci/golangci-lint/v2/test/testshared/install.go:36.74,40.16 3 0
github.com/golangci/golangci-lint/v2/test/testshared/install.go:40.16,42.19 2 0
github.com/golangci/golangci-lint/v2/test/testshared/install.go:42.19,44.5 1 0
github.com/golangci/golangci-lint/v2/test/testshared/install.go:47.3,50.13 3 0
github.com/golangci/golangci-lint/v2/test/testshared/install.go:50.13,57.4 4 0
github.com/golangci/golangci-lint/v2/test/testshared/install.go:61.2,69.12 6 0
github.com/golangci/golangci-lint/v2/test/testshared/install.go:72.41,77.16 3 0
github.com/golangci/golangci-lint/v2/test/testshared/install.go:77.16,79.17 2 0
github.com/golangci/golangci-lint/v2/test/testshared/install.go:79.17,81.12 2 0
github.com/golangci/golangci-lint/v2/test/testshared/install.go:84.3,84.8 1 0
github.com/golangci/golangci-lint/v2/test/testshared/install.go:87.2,92.12 4 0
github.com/golangci/golangci-lint/v2/test/testshared/install.go:95.38,97.16 2 0
github.com/golangci/golangci-lint/v2/test/testshared/install.go:97.16,99.3 1 0
github.com/golangci/golangci-lint/v2/test/testshared/install.go:101.2,101.15 1 0
github.com/golangci/golangci-lint/v2/test/testshared/install.go:101.15,101.37 1 0
github.com/golangci/golangci-lint/v2/test/testshared/install.go:103.2,104.16 2 0
github.com/golangci/golangci-lint/v2/test/testshared/install.go:104.16,106.3 1 0
github.com/golangci/golangci-lint/v2/test/testshared/install.go:108.2,109.16 2 0
github.com/golangci/golangci-lint/v2/test/testshared/install.go:109.16,111.3 1 0
github.com/golangci/golangci-lint/v2/test/testshared/install.go:113.2,113.15 1 0
github.com/golangci/golangci-lint/v2/test/testshared/install.go:113.15,113.42 1 0
github.com/golangci/golangci-lint/v2/test/testshared/install.go:115.2,116.16 2 0
github.com/golangci/golangci-lint/v2/test/testshared/install.go:116.16,118.3 1 0
github.com/golangci/golangci-lint/v2/test/testshared/install.go:120.2,120.12 1 0
github.com/golangci/golangci-lint/v2/test/testshared/runner.go:40.53,52.2 4 1
github.com/golangci/golangci-lint/v2/test/testshared/runner.go:54.68,58.2 2 0
github.com/golangci/golangci-lint/v2/test/testshared/runner.go:60.68,64.2 2 1
github.com/golangci/golangci-lint/v2/test/testshared/runner.go:66.55,70.2 2 1
github.com/golangci/golangci-lint/v2/test/testshared/runner.go:72.71,73.19 1 1
github.com/golangci/golangci-lint/v2/test/testshared/runner.go:73.19,75.3 1 1
github.com/golangci/golangci-lint/v2/test/testshared/runner.go:77.2,79.10 2 1
github.com/golangci/golangci-lint/v2/test/testshared/runner.go:82.63,87.19 3 0
github.com/golangci/golangci-lint/v2/test/testshared/runner.go:87.19,89.3 1 0
github.com/golangci/golangci-lint/v2/test/testshared/runner.go:91.2,95.22 4 0
github.com/golangci/golangci-lint/v2/test/testshared/runner.go:95.22,96.41 1 0
github.com/golangci/golangci-lint/v2/test/testshared/runner.go:96.41,98.4 1 0
github.com/golangci/golangci-lint/v2/test/testshared/runner.go:101.2,104.34 3 0
github.com/golangci/golangci-lint/v2/test/testshared/runner.go:107.71,108.15 1 1
github.com/golangci/golangci-lint/v2/test/testshared/runner.go:108.15,110.3 1 0
github.com/golangci/golangci-lint/v2/test/testshared/runner.go:112.2,118.41 5 1
github.com/golangci/golangci-lint/v2/test/testshared/runner.go:118.41,120.3 1 0
github.com/golangci/golangci-lint/v2/test/testshared/runner.go:122.2,122.58 1 1
github.com/golangci/golangci-lint/v2/test/testshared/runner.go:125.74,129.2 2 1
github.com/golangci/golangci-lint/v2/test/testshared/runner.go:131.71,135.2 2 1
github.com/golangci/golangci-lint/v2/test/testshared/runner.go:137.64,141.2 2 1
github.com/golangci/golangci-lint/v2/test/testshared/runner.go:143.65,147.2 2 1
github.com/golangci/golangci-lint/v2/test/testshared/runner.go:149.74,153.2 2 1
github.com/golangci/golangci-lint/v2/test/testshared/runner.go:155.42,158.38 2 1
github.com/golangci/golangci-lint/v2/test/testshared/runner.go:158.38,160.3 1 0
github.com/golangci/golangci-lint/v2/test/testshared/runner.go:162.2,164.24 2 1
github.com/golangci/golangci-lint/v2/test/testshared/runner.go:164.24,166.29 2 1
github.com/golangci/golangci-lint/v2/test/testshared/runner.go:166.29,168.4 1 1
github.com/golangci/golangci-lint/v2/test/testshared/runner.go:171.2,171.16 1 1
github.com/golangci/golangci-lint/v2/test/testshared/runner.go:171.16,173.3 1 1
github.com/golangci/golangci-lint/v2/test/testshared/runner.go:175.2,175.24 1 1
github.com/golangci/golangci-lint/v2/test/testshared/runner.go:175.24,177.3 1 1
github.com/golangci/golangci-lint/v2/test/testshared/runner.go:179.2,179.22 1 1
github.com/golangci/golangci-lint/v2/test/testshared/runner.go:179.22,181.3 1 1
github.com/golangci/golangci-lint/v2/test/testshared/runner.go:183.2,183.20 1 1
github.com/golangci/golangci-lint/v2/test/testshared/runner.go:183.20,185.3 1 1
github.com/golangci/golangci-lint/v2/test/testshared/runner.go:187.2,194.3 1 1
github.com/golangci/golangci-lint/v2/test/testshared/runner.go:209.36,212.26 2 0
github.com/golangci/golangci-lint/v2/test/testshared/runner.go:212.26,214.3 1 0
github.com/golangci/golangci-lint/v2/test/testshared/runner.go:216.2,216.10 1 0
github.com/golangci/golangci-lint/v2/test/testshared/runner.go:219.38,224.34 3 0
github.com/golangci/golangci-lint/v2/test/testshared/runner.go:224.34,226.3 1 0
github.com/golangci/golangci-lint/v2/test/testshared/runner.go:228.2,231.16 3 0
github.com/golangci/golangci-lint/v2/test/testshared/runner.go:231.16,232.49 1 0
github.com/golangci/golangci-lint/v2/test/testshared/runner.go:232.49,233.34 1 0
github.com/golangci/golangci-lint/v2/test/testshared/runner.go:233.34,235.5 1 0
github.com/golangci/golangci-lint/v2/test/testshared/runner.go:237.4,243.5 2 0
github.com/golangci/golangci-lint/v2/test/testshared/runner.go:246.3,248.13 2 0
github.com/golangci/golangci-lint/v2/test/testshared/runner.go:252.2,258.3 2 0
github.com/golangci/golangci-lint/v2/test/testshared/runner.go:261.38,272.2 6 0
github.com/golangci/golangci-lint/v2/test/testshared/runner.go:281.41,286.2 3 1
github.com/golangci/golangci-lint/v2/test/testshared/runner.go:288.75,291.48 2 1
github.com/golangci/golangci-lint/v2/test/testshared/runner.go:291.48,293.3 1 1
github.com/golangci/golangci-lint/v2/test/testshared/runner.go:295.2,296.10 2 0
github.com/golangci/golangci-lint/v2/test/testshared/runner.go:300.67,305.2 3 1
github.com/golangci/golangci-lint/v2/test/testshared/runner.go:307.72,310.29 2 1
github.com/golangci/golangci-lint/v2/test/testshared/runner.go:310.29,312.3 1 1
github.com/golangci/golangci-lint/v2/test/testshared/runner.go:314.2,314.10 1 1
github.com/golangci/golangci-lint/v2/test/testshared/runner.go:317.72,322.2 3 1
github.com/golangci/golangci-lint/v2/test/testshared/runner.go:324.63,329.2 3 1
github.com/golangci/golangci-lint/v2/test/testshared/runner.go:331.71,335.2 2 1
github.com/golangci/golangci-lint/v2/test/testshared/runner_unix.go:12.35,12.36 0 0
github.com/golangci/golangci-lint/v2/test/testshared/runner_unix.go:15.48,17.2 1 0
github.com/golangci/golangci-lint/v2/test/testshared/runner_unix.go:20.46,22.2 1 0
github.com/golangci/golangci-lint/v2/test/testshared/runner_unix.go:25.42,27.2 1 1
github.com/golangci/golangci-lint/v2/test/testdata_etc/unused_exported/main.go:7.13,9.2 1 0
github.com/golangci/golangci-lint/v2/test/testshared/integration/fix.go:17.42,25.40 5 0
github.com/golangci/golangci-lint/v2/test/testshared/integration/fix.go:25.40,27.3 1 0
github.com/golangci/golangci-lint/v2/test/testshared/integration/fix.go:27.8,28.20 1 0
github.com/golangci/golangci-lint/v2/test/testshared/integration/fix.go:28.20,28.48 1 0
github.com/golangci/golangci-lint/v2/test/testshared/integration/fix.go:31.2,36.45 4 0
github.com/golangci/golangci-lint/v2/test/testshared/integration/fix.go:39.27,43.2 2 0
github.com/golangci/golangci-lint/v2/test/testshared/integration/fix.go:45.37,49.2 2 0
github.com/golangci/golangci-lint/v2/test/testshared/integration/fix.go:51.48,58.32 4 0
github.com/golangci/golangci-lint/v2/test/testshared/integration/fix.go:58.32,59.50 1 0
github.com/golangci/golangci-lint/v2/test/testshared/integration/fix.go:59.50,63.17 3 0
github.com/golangci/golangci-lint/v2/test/testshared/integration/fix.go:63.17,66.5 2 0
github.com/golangci/golangci-lint/v2/test/testshared/integration/fix.go:68.4,88.60 6 0
github.com/golangci/golangci-lint/v2/test/testshared/integration/run.go:19.32,23.2 2 0
github.com/golangci/golangci-lint/v2/test/testshared/integration/run.go:25.54,39.33 8 0
github.com/golangci/golangci-lint/v2/test/testshared/integration/run.go:39.33,40.57 1 0
github.com/golangci/golangci-lint/v2/test/testshared/integration/run.go:40.57,47.4 4 0
github.com/golangci/golangci-lint/v2/test/testshared/integration/run.go:51.87,55.15 3 0
github.com/golangci/golangci-lint/v2/test/testshared/integration/run.go:55.15,57.3 1 0
github.com/golangci/golangci-lint/v2/test/testshared/integration/run.go:59.2,67.53 2 0
github.com/golangci/golangci-lint/v2/test/testshared/integration/run.go:67.53,70.19 2 0
github.com/golangci/golangci-lint/v2/test/testshared/integration/run.go:70.19,72.4 1 0
github.com/golangci/golangci-lint/v2/test/testshared/integration/run.go:74.3,91.17 5 0
github.com/golangci/golangci-lint/v2/test/testshared/integration/run.go:91.17,94.4 2 0
github.com/golangci/golangci-lint/v2/test/testshared/integration/run.go:96.3,98.44 2 0
github.com/golangci/golangci-lint/v2/test/testshared/integration/run.go:102.65,110.2 5 0
github.com/golangci/golangci-lint/v2/test/testdata_etc/abspath/with_issue.go:5.10,6.10 1 0
github.com/golangci/golangci-lint/v2/test/testdata_etc/abspath/with_issue.go:6.10,8.3 1 0
github.com/golangci/golangci-lint/v2/test/testdata_etc/abspath/with_issue.go:8.8,10.3 1 0
